// Jest Snapshot v1, https://goo.gl/fbAQLP

exports[`Tests for App container Should rendering without crash 1`] = `
<h1>
  App
</h1>
`;
